
> roommate-link-v2@0.0.0 build
> tsc -b && vite build

[36mvite v6.4.1 [32mbuilding for production...[36m[39m
transforming...
[32m[39m 2190 modules transformed.
rendering chunks...
computing gzip size...
[2mdist/[22m[32mmanifest.webmanifest                        [39m[1m[2m  0.55 kB[22m[1m[22m
[2mdist/[22m[32mindex.html                                  [39m[1m[2m  1.37 kB[22m[1m[22m[2m  gzip:   0.64 kB[22m
[2mdist/[22m[35massets/index-Bk0jhh7z.css                   [39m[1m[2m 77.94 kB[22m[1m[22m[2m  gzip:  12.67 kB[22m
[2mdist/[22m[36massets/workbox-window.prod.es5-BIl4cyR9.js  [39m[1m[2m  5.76 kB[22m[1m[22m[2m  gzip:   2.37 kB[22m
[2mdist/[22m[36massets/index-BeNhnOnW.js                    [39m[1m[33m984.84 kB[39m[22m[2m  gzip: 291.81 kB[22m
[33m
(!) Some chunks are larger than 500 kB after minification. Consider:
- Using dynamic import() to code-split the application
- Use build.rollupOptions.output.manualChunks to improve chunking: https://rollupjs.org/configuration-options/#output-manualchunks
- Adjust chunk size limit for this warning via build.chunkSizeWarningLimit.[39m
[32m built in 9.13s[39m

PWA v1.2.0
mode      generateSW
precache  6 entries (1044.83 KiB)
files generated
  dist/sw.js
  dist/workbox-8c29f6e4.js
