src/pages/ProfilePage.tsx(33,22): error TS17008: JSX element 'T' has no corresponding closing tag.
src/pages/ProfilePage.tsx(33,42): error TS17008: JSX element 'T' has no corresponding closing tag.
src/pages/ProfilePage.tsx(33,84): error TS17008: JSX element 'T' has no corresponding closing tag.
src/pages/ProfilePage.tsx(33,88): error TS1382: Unexpected token. Did you mean `{'>'}` or `&gt;`?
src/pages/ProfilePage.tsx(34,3): error TS1109: Expression expected.
src/pages/ProfilePage.tsx(36,17): error TS17008: JSX element 'T' has no corresponding closing tag.
src/pages/ProfilePage.tsx(36,33): error TS1382: Unexpected token. Did you mean `{'>'}` or `&gt;`?
src/pages/ProfilePage.tsx(36,50): error TS1382: Unexpected token. Did you mean `{'>'}` or `&gt;`?
src/pages/ProfilePage.tsx(38,1): error TS1381: Unexpected token. Did you mean `{'}'}` or `&rbrace;`?
src/pages/ProfilePage.tsx(41,3): error TS1109: Expression expected.
src/pages/ProfilePage.tsx(44,40): error TS1003: Identifier expected.
src/pages/ProfilePage.tsx(44,56): error TS1382: Unexpected token. Did you mean `{'>'}` or `&gt;`?
src/pages/ProfilePage.tsx(45,38): error TS1003: Identifier expected.
src/pages/ProfilePage.tsx(45,90): error TS1382: Unexpected token. Did you mean `{'>'}` or `&gt;`?
src/pages/ProfilePage.tsx(46,46): error TS1003: Identifier expected.
src/pages/ProfilePage.tsx(46,67): error TS1382: Unexpected token. Did you mean `{'>'}` or `&gt;`?
src/pages/ProfilePage.tsx(47,63): error TS1003: Identifier expected.
src/pages/ProfilePage.tsx(47,69): error TS1382: Unexpected token. Did you mean `{'>'}` or `&gt;`?
src/pages/ProfilePage.tsx(52,56): error TS1003: Identifier expected.
src/pages/ProfilePage.tsx(52,89): error TS1382: Unexpected token. Did you mean `{'>'}` or `&gt;`?
src/pages/ProfilePage.tsx(55,53): error TS1003: Identifier expected.
src/pages/ProfilePage.tsx(55,59): error TS1382: Unexpected token. Did you mean `{'>'}` or `&gt;`?
src/pages/ProfilePage.tsx(60,17): error TS1382: Unexpected token. Did you mean `{'>'}` or `&gt;`?
src/pages/ProfilePage.tsx(64,17): error TS1382: Unexpected token. Did you mean `{'>'}` or `&gt;`?
src/pages/ProfilePage.tsx(65,5): error TS1109: Expression expected.
src/pages/ProfilePage.tsx(65,36): error TS1382: Unexpected token. Did you mean `{'>'}` or `&gt;`?
src/pages/ProfilePage.tsx(66,7): error TS1109: Expression expected.
src/pages/ProfilePage.tsx(68,9): error TS1109: Expression expected.
src/pages/ProfilePage.tsx(68,21): error TS1005: '}' expected.
src/pages/ProfilePage.tsx(68,33): error TS1381: Unexpected token. Did you mean `{'}'}` or `&rbrace;`?
src/pages/ProfilePage.tsx(75,11): error TS1109: Expression expected.
src/pages/ProfilePage.tsx(88,9): error TS1381: Unexpected token. Did you mean `{'}'}` or `&rbrace;`?
src/pages/ProfilePage.tsx(89,7): error TS1381: Unexpected token. Did you mean `{'}'}` or `&rbrace;`?
src/pages/ProfilePage.tsx(92,5): error TS1381: Unexpected token. Did you mean `{'}'}` or `&rbrace;`?
src/pages/ProfilePage.tsx(94,3): error TS1381: Unexpected token. Did you mean `{'}'}` or `&rbrace;`?
src/pages/ProfilePage.tsx(96,17): error TS1382: Unexpected token. Did you mean `{'>'}` or `&gt;`?
src/pages/ProfilePage.tsx(97,5): error TS1109: Expression expected.
src/pages/ProfilePage.tsx(100,7): error TS1109: Expression expected.
src/pages/ProfilePage.tsx(101,9): error TS1109: Expression expected.
src/pages/ProfilePage.tsx(106,7): error TS1381: Unexpected token. Did you mean `{'}'}` or `&rbrace;`?
src/pages/ProfilePage.tsx(107,5): error TS1381: Unexpected token. Did you mean `{'}'}` or `&rbrace;`?
src/pages/ProfilePage.tsx(108,3): error TS1381: Unexpected token. Did you mean `{'}'}` or `&rbrace;`?
src/pages/ProfilePage.tsx(110,17): error TS1382: Unexpected token. Did you mean `{'>'}` or `&gt;`?
src/pages/ProfilePage.tsx(111,5): error TS1109: Expression expected.
src/pages/ProfilePage.tsx(114,3): error TS1381: Unexpected token. Did you mean `{'}'}` or `&rbrace;`?
src/pages/ProfilePage.tsx(116,53): error TS1382: Unexpected token. Did you mean `{'>'}` or `&gt;`?
src/pages/ProfilePage.tsx(117,5): error TS1109: Expression expected.
src/pages/ProfilePage.tsx(119,7): error TS1005: '}' expected.
src/pages/ProfilePage.tsx(120,5): error TS1381: Unexpected token. Did you mean `{'}'}` or `&rbrace;`?
src/pages/ProfilePage.tsx(121,3): error TS1381: Unexpected token. Did you mean `{'}'}` or `&rbrace;`?
src/pages/ProfilePage.tsx(123,80): error TS1382: Unexpected token. Did you mean `{'>'}` or `&gt;`?
src/pages/ProfilePage.tsx(123,107): error TS1382: Unexpected token. Did you mean `{'>'}` or `&gt;`?
src/pages/ProfilePage.tsx(125,32): error TS1382: Unexpected token. Did you mean `{'>'}` or `&gt;`?
src/pages/ProfilePage.tsx(126,5): error TS1109: Expression expected.
src/pages/ProfilePage.tsx(132,7): error TS1109: Expression expected.
src/pages/ProfilePage.tsx(132,19): error TS1005: '}' expected.
src/pages/ProfilePage.tsx(132,37): error TS1381: Unexpected token. Did you mean `{'}'}` or `&rbrace;`?
src/pages/ProfilePage.tsx(139,18): error TS1005: '}' expected.
src/pages/ProfilePage.tsx(148,7): error TS1381: Unexpected token. Did you mean `{'}'}` or `&rbrace;`?
src/pages/ProfilePage.tsx(151,9): error TS1109: Expression expected.
src/pages/ProfilePage.tsx(157,7): error TS1381: Unexpected token. Did you mean `{'}'}` or `&rbrace;`?
src/pages/ProfilePage.tsx(158,9): error TS1109: Expression expected.
src/pages/ProfilePage.tsx(159,50): error TS1005: '}' expected.
src/pages/ProfilePage.tsx(159,76): error TS1381: Unexpected token. Did you mean `{'}'}` or `&rbrace;`?
src/pages/ProfilePage.tsx(164,7): error TS1381: Unexpected token. Did you mean `{'}'}` or `&rbrace;`?
src/pages/ProfilePage.tsx(169,5): error TS1381: Unexpected token. Did you mean `{'}'}` or `&rbrace;`?
src/pages/ProfilePage.tsx(171,7): error TS1005: '}' expected.
src/pages/ProfilePage.tsx(172,5): error TS1381: Unexpected token. Did you mean `{'}'}` or `&rbrace;`?
src/pages/ProfilePage.tsx(175,3): error TS1381: Unexpected token. Did you mean `{'}'}` or `&rbrace;`?
src/pages/ProfilePage.tsx(177,58): error TS17008: JSX element 'HTMLInputElement' has no corresponding closing tag.
src/pages/ProfilePage.tsx(177,78): error TS1382: Unexpected token. Did you mean `{'>'}` or `&gt;`?
src/pages/ProfilePage.tsx(178,5): error TS1109: Expression expected.
src/pages/ProfilePage.tsx(181,19): error TS1382: Unexpected token. Did you mean `{'>'}` or `&gt;`?
src/pages/ProfilePage.tsx(183,7): error TS1005: '}' expected.
src/pages/ProfilePage.tsx(184,5): error TS1381: Unexpected token. Did you mean `{'}'}` or `&rbrace;`?
src/pages/ProfilePage.tsx(189,7): error TS1109: Expression expected.
src/pages/ProfilePage.tsx(190,20): error TS1005: '}' expected.
src/pages/ProfilePage.tsx(190,34): error TS1381: Unexpected token. Did you mean `{'}'}` or `&rbrace;`?
src/pages/ProfilePage.tsx(191,78): error TS1005: '}' expected.
src/pages/ProfilePage.tsx(191,104): error TS1381: Unexpected token. Did you mean `{'}'}` or `&rbrace;`?
src/pages/ProfilePage.tsx(198,19): error TS1005: '}' expected.
src/pages/ProfilePage.tsx(198,35): error TS1381: Unexpected token. Did you mean `{'}'}` or `&rbrace;`?
src/pages/ProfilePage.tsx(202,5): error TS1381: Unexpected token. Did you mean `{'}'}` or `&rbrace;`?
src/pages/ProfilePage.tsx(207,3): error TS1381: Unexpected token. Did you mean `{'}'}` or `&rbrace;`?
src/pages/ProfilePage.tsx(527,1): error TS1381: Unexpected token. Did you mean `{'}'}` or `&rbrace;`?
src/pages/ProfilePage.tsx(528,1): error TS1005: '</' expected.
src/pages/QuestionnairePage.tsx(20,22): error TS17008: JSX element 'T' has no corresponding closing tag.
src/pages/QuestionnairePage.tsx(20,42): error TS17008: JSX element 'T' has no corresponding closing tag.
src/pages/QuestionnairePage.tsx(20,84): error TS17008: JSX element 'T' has no corresponding closing tag.
src/pages/QuestionnairePage.tsx(20,88): error TS1382: Unexpected token. Did you mean `{'>'}` or `&gt;`?
src/pages/QuestionnairePage.tsx(21,3): error TS1109: Expression expected.
src/pages/QuestionnairePage.tsx(23,17): error TS17008: JSX element 'T' has no corresponding closing tag.
src/pages/QuestionnairePage.tsx(23,33): error TS1382: Unexpected token. Did you mean `{'>'}` or `&gt;`?
src/pages/QuestionnairePage.tsx(23,50): error TS1382: Unexpected token. Did you mean `{'>'}` or `&gt;`?
src/pages/QuestionnairePage.tsx(25,1): error TS1381: Unexpected token. Did you mean `{'}'}` or `&rbrace;`?
src/pages/QuestionnairePage.tsx(31,3): error TS1109: Expression expected.
src/pages/QuestionnairePage.tsx(31,54): error TS1003: Identifier expected.
src/pages/QuestionnairePage.tsx(31,56): error TS1382: Unexpected token. Did you mean `{'>'}` or `&gt;`?
src/pages/QuestionnairePage.tsx(33,42): error TS17008: JSX element 'Record' has no corresponding closing tag.
src/pages/QuestionnairePage.tsx(34,63): error TS1003: Identifier expected.
src/pages/QuestionnairePage.tsx(34,69): error TS1382: Unexpected token. Did you mean `{'>'}` or `&gt;`?
src/pages/QuestionnairePage.tsx(37,57): error TS1003: Identifier expected.
src/pages/QuestionnairePage.tsx(37,63): error TS1382: Unexpected token. Did you mean `{'>'}` or `&gt;`?
src/pages/QuestionnairePage.tsx(40,17): error TS1382: Unexpected token. Did you mean `{'>'}` or `&gt;`?
src/pages/QuestionnairePage.tsx(41,5): error TS1109: Expression expected.
src/pages/QuestionnairePage.tsx(47,7): error TS1109: Expression expected.
src/pages/QuestionnairePage.tsx(48,9): error TS1109: Expression expected.
src/pages/QuestionnairePage.tsx(50,20): error TS1382: Unexpected token. Did you mean `{'>'}` or `&gt;`?
src/pages/QuestionnairePage.tsx(50,53): error TS1382: Unexpected token. Did you mean `{'>'}` or `&gt;`?
src/pages/QuestionnairePage.tsx(54,7): error TS1381: Unexpected token. Did you mean `{'}'}` or `&rbrace;`?
src/pages/QuestionnairePage.tsx(56,9): error TS1005: '}' expected.
src/pages/QuestionnairePage.tsx(56,77): error TS1382: Unexpected token. Did you mean `{'>'}` or `&gt;`?
src/pages/QuestionnairePage.tsx(57,7): error TS1381: Unexpected token. Did you mean `{'}'}` or `&rbrace;`?
src/pages/QuestionnairePage.tsx(58,5): error TS1381: Unexpected token. Did you mean `{'}'}` or `&rbrace;`?
src/pages/QuestionnairePage.tsx(60,7): error TS1005: '}' expected.
src/pages/QuestionnairePage.tsx(60,75): error TS1382: Unexpected token. Did you mean `{'>'}` or `&gt;`?
src/pages/QuestionnairePage.tsx(61,5): error TS1381: Unexpected token. Did you mean `{'}'}` or `&rbrace;`?
src/pages/QuestionnairePage.tsx(66,7): error TS1109: Expression expected.
src/pages/QuestionnairePage.tsx(67,9): error TS1109: Expression expected.
src/pages/QuestionnairePage.tsx(70,41): error TS1003: Identifier expected.
src/pages/QuestionnairePage.tsx(73,7): error TS1381: Unexpected token. Did you mean `{'}'}` or `&rbrace;`?
src/pages/QuestionnairePage.tsx(74,5): error TS1381: Unexpected token. Did you mean `{'}'}` or `&rbrace;`?
src/pages/QuestionnairePage.tsx(77,3): error TS1381: Unexpected token. Did you mean `{'}'}` or `&rbrace;`?
src/pages/QuestionnairePage.tsx(82,65): error TS1003: Identifier expected.
src/pages/QuestionnairePage.tsx(82,73): error TS1382: Unexpected token. Did you mean `{'>'}` or `&gt;`?
src/pages/QuestionnairePage.tsx(82,77): error TS1382: Unexpected token. Did you mean `{'>'}` or `&gt;`?
src/pages/QuestionnairePage.tsx(84,5): error TS1005: '}' expected.
src/pages/QuestionnairePage.tsx(87,7): error TS1109: Expression expected.
src/pages/QuestionnairePage.tsx(87,19): error TS1005: '}' expected.
src/pages/QuestionnairePage.tsx(87,30): error TS1381: Unexpected token. Did you mean `{'}'}` or `&rbrace;`?
src/pages/QuestionnairePage.tsx(90,19): error TS1005: '}' expected.
src/pages/QuestionnairePage.tsx(90,29): error TS1381: Unexpected token. Did you mean `{'}'}` or `&rbrace;`?
src/pages/QuestionnairePage.tsx(97,20): error TS1005: '}' expected.
src/pages/QuestionnairePage.tsx(97,34): error TS1381: Unexpected token. Did you mean `{'}'}` or `&rbrace;`?
src/pages/QuestionnairePage.tsx(99,18): error TS1005: '}' expected.
src/pages/QuestionnairePage.tsx(102,9): error TS1381: Unexpected token. Did you mean `{'}'}` or `&rbrace;`?
src/pages/QuestionnairePage.tsx(108,19): error TS1005: '}' expected.
src/pages/QuestionnairePage.tsx(108,33): error TS1381: Unexpected token. Did you mean `{'}'}` or `&rbrace;`?
src/pages/QuestionnairePage.tsx(113,17): error TS1005: '}' expected.
src/pages/QuestionnairePage.tsx(115,27): error TS1005: '}' expected.
src/pages/QuestionnairePage.tsx(117,11): error TS1381: Unexpected token. Did you mean `{'}'}` or `&rbrace;`?
src/pages/QuestionnairePage.tsx(118,40): error TS1005: '}' expected.
src/pages/QuestionnairePage.tsx(118,53): error TS1381: Unexpected token. Did you mean `{'}'}` or `&rbrace;`?
src/pages/QuestionnairePage.tsx(119,9): error TS1381: Unexpected token. Did you mean `{'}'}` or `&rbrace;`?
src/pages/QuestionnairePage.tsx(132,5): error TS1381: Unexpected token. Did you mean `{'}'}` or `&rbrace;`?
src/pages/QuestionnairePage.tsx(134,7): error TS1005: '}' expected.
src/pages/QuestionnairePage.tsx(135,5): error TS1381: Unexpected token. Did you mean `{'}'}` or `&rbrace;`?
src/pages/QuestionnairePage.tsx(136,3): error TS1381: Unexpected token. Did you mean `{'}'}` or `&rbrace;`?
src/pages/QuestionnairePage.tsx(138,44): error TS1382: Unexpected token. Did you mean `{'>'}` or `&gt;`?
src/pages/QuestionnairePage.tsx(139,5): error TS1109: Expression expected.
src/pages/QuestionnairePage.tsx(142,52): error TS1005: '}' expected.
src/pages/QuestionnairePage.tsx(142,63): error TS1381: Unexpected token. Did you mean `{'}'}` or `&rbrace;`?
src/pages/QuestionnairePage.tsx(146,26): error TS1382: Unexpected token. Did you mean `{'>'}` or `&gt;`?
src/pages/QuestionnairePage.tsx(147,7): error TS1109: Expression expected.
src/pages/QuestionnairePage.tsx(147,43): error TS1003: Identifier expected.
src/pages/QuestionnairePage.tsx(149,9): error TS1005: '}' expected.
src/pages/QuestionnairePage.tsx(150,7): error TS1381: Unexpected token. Did you mean `{'}'}` or `&rbrace;`?
src/pages/QuestionnairePage.tsx(153,5): error TS1381: Unexpected token. Did you mean `{'}'}` or `&rbrace;`?
src/pages/QuestionnairePage.tsx(154,3): error TS1381: Unexpected token. Did you mean `{'}'}` or `&rbrace;`?
src/pages/QuestionnairePage.tsx(157,5): error TS1109: Expression expected.
src/pages/QuestionnairePage.tsx(163,3): error TS1381: Unexpected token. Did you mean `{'}'}` or `&rbrace;`?
src/pages/QuestionnairePage.tsx(306,1): error TS1381: Unexpected token. Did you mean `{'}'}` or `&rbrace;`?
src/pages/QuestionnairePage.tsx(307,1): error TS1005: '</' expected.
