
ΓòÉΓòÉΓòÉΓòÉΓòÉΓòÉΓòÉΓòÉΓòÉΓòÉΓòÉΓòÉΓòÉΓòÉΓòÉΓòÉΓòÉΓòÉΓòÉΓòÉΓòÉΓòÉΓòÉΓòÉΓòÉΓòÉΓòÉΓòÉΓòÉΓòÉΓòÉΓòÉΓòÉΓòÉΓòÉΓòÉΓòÉΓòÉΓòÉΓòÉΓòÉΓòÉΓòÉΓòÉΓòÉΓòÉΓòÉΓòÉΓòÉΓòÉΓòÉΓòÉΓòÉΓòÉΓòÉΓòÉΓòÉΓòÉΓòÉΓòÉΓòÉΓòÉΓòÉΓòÉΓòÉΓòÉΓòÉΓòÉ
  SECTION 1 ΓÇö WEIGHT SYSTEM VERIFICATION (├ù5 vs ├ù1)
ΓòÉΓòÉΓòÉΓòÉΓòÉΓòÉΓòÉΓòÉΓòÉΓòÉΓòÉΓòÉΓòÉΓòÉΓòÉΓòÉΓòÉΓòÉΓòÉΓòÉΓòÉΓòÉΓòÉΓòÉΓòÉΓòÉΓòÉΓòÉΓòÉΓòÉΓòÉΓòÉΓòÉΓòÉΓòÉΓòÉΓòÉΓòÉΓòÉΓòÉΓòÉΓòÉΓòÉΓòÉΓòÉΓòÉΓòÉΓòÉΓòÉΓòÉΓòÉΓòÉΓòÉΓòÉΓòÉΓòÉΓòÉΓòÉΓòÉΓòÉΓòÉΓòÉΓòÉΓòÉΓòÉΓòÉΓòÉΓòÉ

  AllA Γåö Conflict mismatch  (weight=5): 72%
  AllA Γåö Food mismatch      (weight=1): 71%
  AllA Γåö Imposition mismatch(weight=5): 73%
  Expected gap (conflict vs food): conflict < food

  Γ¥î FAIL ΓÇö Conflict mismatch scores LOWER than food mismatch ΓåÆ 72% vs 71%
  Γ¥î FAIL ΓÇö Imposition mismatch scores LOWER than food mismatch ΓåÆ 73% vs 71%
  Γ£à Conflict and Imposition scores roughly equal (both weight=5)

  Mathematical expectation ΓÇö High weight (├ù5): 88%
  Mathematical expectation ΓÇö Low weight  (├ù1): 98%
  Γ¥î FAIL ΓÇö Conflict score matches mathematical prediction (~88%) ΓåÆ got 72%, expected ~88%
  Γ¥î FAIL ΓÇö Food score matches mathematical prediction (~98%) ΓåÆ got 71%, expected ~98%

ΓòÉΓòÉΓòÉΓòÉΓòÉΓòÉΓòÉΓòÉΓòÉΓòÉΓòÉΓòÉΓòÉΓòÉΓòÉΓòÉΓòÉΓòÉΓòÉΓòÉΓòÉΓòÉΓòÉΓòÉΓòÉΓòÉΓòÉΓòÉΓòÉΓòÉΓòÉΓòÉΓòÉΓòÉΓòÉΓòÉΓòÉΓòÉΓòÉΓòÉΓòÉΓòÉΓòÉΓòÉΓòÉΓòÉΓòÉΓòÉΓòÉΓòÉΓòÉΓòÉΓòÉΓòÉΓòÉΓòÉΓòÉΓòÉΓòÉΓòÉΓòÉΓòÉΓòÉΓòÉΓòÉΓòÉΓòÉΓòÉ
  SECTION 2 ΓÇö 50 TARGETED STRESS TESTS
ΓòÉΓòÉΓòÉΓòÉΓòÉΓòÉΓòÉΓòÉΓòÉΓòÉΓòÉΓòÉΓòÉΓòÉΓòÉΓòÉΓòÉΓòÉΓòÉΓòÉΓòÉΓòÉΓòÉΓòÉΓòÉΓòÉΓòÉΓòÉΓòÉΓòÉΓòÉΓòÉΓòÉΓòÉΓòÉΓòÉΓòÉΓòÉΓòÉΓòÉΓòÉΓòÉΓòÉΓòÉΓòÉΓòÉΓòÉΓòÉΓòÉΓòÉΓòÉΓòÉΓòÉΓòÉΓòÉΓòÉΓòÉΓòÉΓòÉΓòÉΓòÉΓòÉΓòÉΓòÉΓòÉΓòÉΓòÉΓòÉ

  [2A] Boundary & Extremes
  Γ¥î FAIL ΓÇö Perfect match (AllA Γåö AllA) = 100% ΓåÆ got 85%
  Γ¥î FAIL ΓÇö Perfect match (AllD Γåö AllD) = 100% ΓåÆ got 49%
  Γ£à Perfect match (AllB Γåö AllB) = 100%
  Γ£à Worst case (AllA Γåö AllD) scores Γëñ 40%
     AllA Γåö AllD raw score: 0% (before penalties)
  Γ¥î FAIL ΓÇö One-step difference (AllA Γåö AllB): score > 70% ΓåÆ got 60%
     AllA Γåö AllB score: 60%

  [2B] Pattern 1 ΓÇö MESSY_UNAPOLOGETIC (Q11=D, Q4=D)
  Γ£à MESSY_UNAPOLOGETIC flag fires when Q11=D + Q4=D
  Γ£à MESSY_UNAPOLOGETIC applies max penalty (20) vs clean person
  Γ£à Messy+Unapologetic Γåö Clean+Direct scores lower than without penalty

  [2C] Pattern 2 ΓÇö DUAL_IMPOSER (Q28=D + Q26=C, both)
  Γ£à DUAL_IMPOSER flag fires when both users have Q28=D + Q26=C
  Γ£à DUAL_IMPOSER applies 20% penalty
  Γ£à No SINGLE_IMPOSER when paired with pure boundary-respecter (Q28=A)

  [2D] Pattern 3 ΓÇö LOST_PARTYING (Q40=D + Q22=A, both)
  Γ£à DUAL_LOST_PARTYING fires when both have Q40=D + Q22=A
  Γ£à DUAL_LOST_PARTYING applies 15% penalty
  Γ£à LOST_WITH_ANCHOR (0 penalty) fires when lost person paired with structured one

  [2E] Pattern 4 ΓÇö SILENT_FOOD_GRUDGE (Q33=D + Q36=D)
  Γ£à SILENT_FOOD_GRUDGE fires when Q33=D + Q36=D
  Γ£à SILENT_FOOD_GRUDGE penalty = 12 when paired with generous person

  [2F] Pattern 5 ΓÇö DUAL_PARTICULAR_BONUS (Q38=D + Q40=C, both)
  Γ£à DUAL_PARTICULAR_BONUS fires when both are Q38=D + Q40=C
  Γ£à DUAL_PARTICULAR_BONUS gives NEGATIVE penalty (bonus = -5)
  Γ£à DUAL_PARTICULAR_BONUS pair scores HIGHER than raw (bonus applied)
  Γ£à PARTICULAR_VS_EASYGOING fires when particular meets casual borrower

  [2G] Pattern 6 ΓÇö ROMANTIC_INVASION (Q29=C vs Q31=C)
  Γ£à ROMANTIC_INVASION fires: User A Q29=C Γåö User B Q31=C
  Γ£à ROMANTIC_INVASION penalty = 8

  [2H] Pattern 7 ΓÇö SELECTIVE_CONFRONTER (Q14=B + Q1=C)
  Γ£à SELECTIVE_CONFRONTER flag fires when Q14=B + Q1=C
  Γ£à SELECTIVE_CONFRONTER has 0 penalty (just informational)

  [2I] Consistency Detection Flags
  Γ£à ALL_A profile flagged as suspicious
  Γ£à ALL_A consistency modifier = -15
  Γ£à ALL_D profile flagged as suspicious
  Γ£à TRIGGER_PROFILE flag detected (conflict avoidant + sleep-protective)
  Γ£à Q40_CONTRADICTION fires when claims easygoing but messy behaviour
  Γ£à Q40_CONTRADICTION applies -8 modifier

  [2J] Visibility Threshold (ΓëÑ60%)
  Γ£à Perfect match is visible
  Γ£à Worst case (AllA Γåö AllD) is NOT visible
  Γ£à One-step difference still visible

  [2K] Tier Labels
  Γ¥î FAIL ΓÇö 100% match = exceptional tier
  Γ£à AllA Γåö AllD = hidden tier
  Γ£à Near-perfect match ΓëÑ strong tier

  [2L] Symmetry ΓÇö AΓåöB must equal BΓåöA
  Γ£à Match score is symmetric (AΓåöB = BΓåöA)

  [2M] Edge Cases ΓÇö No crashes
  Γ£à No crash: AllA Γåö AllA
  Γ£à No crash: AllD Γåö AllD
  Γ£à No crash: AllC Γåö AllA

  [2N] Score Clamping (always 0ΓÇô100)
  Γ£à Score never goes below 0
  Γ£à Score never exceeds 100

ΓòÉΓòÉΓòÉΓòÉΓòÉΓòÉΓòÉΓòÉΓòÉΓòÉΓòÉΓòÉΓòÉΓòÉΓòÉΓòÉΓòÉΓòÉΓòÉΓòÉΓòÉΓòÉΓòÉΓòÉΓòÉΓòÉΓòÉΓòÉΓòÉΓòÉΓòÉΓòÉΓòÉΓòÉΓòÉΓòÉΓòÉΓòÉΓòÉΓòÉΓòÉΓòÉΓòÉΓòÉΓòÉΓòÉΓòÉΓòÉΓòÉΓòÉΓòÉΓòÉΓòÉΓòÉΓòÉΓòÉΓòÉΓòÉΓòÉΓòÉΓòÉΓòÉΓòÉΓòÉΓòÉΓòÉΓòÉΓòÉ
  SECTION 3 ΓÇö 20-USER FULL COMPATIBILITY MATRIX (190 pairs)
ΓòÉΓòÉΓòÉΓòÉΓòÉΓòÉΓòÉΓòÉΓòÉΓòÉΓòÉΓòÉΓòÉΓòÉΓòÉΓòÉΓòÉΓòÉΓòÉΓòÉΓòÉΓòÉΓòÉΓòÉΓòÉΓòÉΓòÉΓòÉΓòÉΓòÉΓòÉΓòÉΓòÉΓòÉΓòÉΓòÉΓòÉΓòÉΓòÉΓòÉΓòÉΓòÉΓòÉΓòÉΓòÉΓòÉΓòÉΓòÉΓòÉΓòÉΓòÉΓòÉΓòÉΓòÉΓòÉΓòÉΓòÉΓòÉΓòÉΓòÉΓòÉΓòÉΓòÉΓòÉΓòÉΓòÉΓòÉΓòÉ
  Creating 20 distinct personality archetypes...

  TOP 15 BEST MATCHES:
  ΓöÇΓöÇΓöÇΓöÇΓöÇΓöÇΓöÇΓöÇΓöÇΓöÇΓöÇΓöÇΓöÇΓöÇΓöÇΓöÇΓöÇΓöÇΓöÇΓöÇΓöÇΓöÇΓöÇΓöÇΓöÇΓöÇΓöÇΓöÇΓöÇΓöÇΓöÇΓöÇΓöÇΓöÇΓöÇΓöÇΓöÇΓöÇΓöÇΓöÇΓöÇΓöÇΓöÇΓöÇΓöÇΓöÇΓöÇΓöÇΓöÇΓöÇΓöÇΓöÇΓöÇΓöÇΓöÇΓöÇΓöÇΓöÇΓöÇΓöÇΓöÇΓöÇ
   1. ≡ƒƒú Akosua       Γåö Kwabena      100%  EXCEPTIONAL | Flags: DUAL_PARTICULAR_BONUS(+5%)
   2. ≡ƒƒú Kwame        Γåö Fiifi         98%  EXCEPTIONAL | Flags: ΓÇö
   3. ≡ƒƒú Abena        Γåö Yaw           96%  EXCEPTIONAL | Flags: ΓÇö
   4. ≡ƒƒú Ama          Γåö Kofi          95%  EXCEPTIONAL | Flags: ΓÇö
   5. ≡ƒƒú Kofi         Γåö Baaba         94%  EXCEPTIONAL | Flags: ΓÇö
   6. ≡ƒƒú Akua         Γåö Baaba         94%  EXCEPTIONAL | Flags: ΓÇö
   7. ≡ƒƒú Akua         Γåö Kwabena       94%  EXCEPTIONAL | Flags: ΓÇö
   8. ≡ƒƒú Akua         Γåö AmaPokuaa     94%  EXCEPTIONAL | Flags: ΓÇö
   9. ≡ƒƒú Akua         Γåö Akosua        93%  EXCEPTIONAL | Flags: ΓÇö
  10. ≡ƒƒú Baaba        Γåö AmaPokuaa     93%  EXCEPTIONAL | Flags: ΓÇö
  11. ≡ƒƒú Ama          Γåö Baaba         92%  EXCEPTIONAL | Flags: ΓÇö
  12. ≡ƒƒú Kofi         Γåö AmaPokuaa     92%  EXCEPTIONAL | Flags: ΓÇö
  13. ≡ƒƒú Ama          Γåö AmaPokuaa     91%  EXCEPTIONAL | Flags: ΓÇö
  14. ≡ƒƒú Kojo         Γåö Dede          91%  EXCEPTIONAL | Flags: ΓÇö
  15. ≡ƒƒú Ama          Γåö Adwoa         90%  EXCEPTIONAL | Flags: ΓÇö

  BOTTOM 10 WORST MATCHES (Showing why they fail):
  ΓöÇΓöÇΓöÇΓöÇΓöÇΓöÇΓöÇΓöÇΓöÇΓöÇΓöÇΓöÇΓöÇΓöÇΓöÇΓöÇΓöÇΓöÇΓöÇΓöÇΓöÇΓöÇΓöÇΓöÇΓöÇΓöÇΓöÇΓöÇΓöÇΓöÇΓöÇΓöÇΓöÇΓöÇΓöÇΓöÇΓöÇΓöÇΓöÇΓöÇΓöÇΓöÇΓöÇΓöÇΓöÇΓöÇΓöÇΓöÇΓöÇΓöÇΓöÇΓöÇΓöÇΓöÇΓöÇΓöÇΓöÇΓöÇΓöÇΓöÇΓöÇΓöÇ
   1. Adwoa        Γåö Serwaa        56%  ≡ƒÜ½ hidden | MESSY_UNAPOLOGETIC(-20%)
   2. Adwoa        Γåö Nana          56%  ≡ƒÜ½ hidden | MESSY_UNAPOLOGETIC(-20%)
   3. Ekua         Γåö Serwaa        57%  ≡ƒÜ½ hidden | MESSY_UNAPOLOGETIC(-12%), SINGLE_IMPOSER(-8%)
   4. Ekua         Γåö Nana          57%  ≡ƒÜ½ hidden | MESSY_UNAPOLOGETIC(-12%), SINGLE_IMPOSER(-8%)
   5. Maame        Γåö Nana          58%  ≡ƒÜ½ hidden | MESSY_UNAPOLOGETIC(-12%), SINGLE_IMPOSER(-8%)
   6. Ama          Γåö Nana          58%  ≡ƒÜ½ hidden | MESSY_UNAPOLOGETIC(-20%)
   7. Maame        Γåö Serwaa        59%  ≡ƒÜ½ hidden | MESSY_UNAPOLOGETIC(-12%), SINGLE_IMPOSER(-8%)
   8. Ama          Γåö Serwaa        59%  ≡ƒÜ½ hidden | MESSY_UNAPOLOGETIC(-20%)
   9. Kofi         Γåö Nana          62%  ≡ƒæü visible | MESSY_UNAPOLOGETIC(-20%)
  10. Kofi         Γåö Serwaa        63%  ≡ƒæü visible | MESSY_UNAPOLOGETIC(-20%)

  EACH PERSONA ΓÇö BEST & WORST MATCH:
  ΓöÇΓöÇΓöÇΓöÇΓöÇΓöÇΓöÇΓöÇΓöÇΓöÇΓöÇΓöÇΓöÇΓöÇΓöÇΓöÇΓöÇΓöÇΓöÇΓöÇΓöÇΓöÇΓöÇΓöÇΓöÇΓöÇΓöÇΓöÇΓöÇΓöÇΓöÇΓöÇΓöÇΓöÇΓöÇΓöÇΓöÇΓöÇΓöÇΓöÇΓöÇΓöÇΓöÇΓöÇΓöÇΓöÇΓöÇΓöÇΓöÇΓöÇΓöÇΓöÇΓöÇΓöÇΓöÇΓöÇΓöÇΓöÇΓöÇΓöÇΓöÇΓöÇ
  Ama          | Best: Kofi          95% | Worst: Nana          58%
  Kofi         | Best: Ama           95% | Worst: Nana          62%
  Adwoa        | Best: Ama           90% | Worst: Serwaa        56%
  Kwame        | Best: Fiifi         98% | Worst: Serwaa        66%
  Fiifi        | Best: Kwame         98% | Worst: Serwaa        67%
  Akua         | Best: Baaba         94% | Worst: Serwaa        74%
  Abena        | Best: Yaw           96% | Worst: Serwaa        68%
  Yaw          | Best: Abena         96% | Worst: Serwaa        68%
  Baaba        | Best: Kofi          94% | Worst: Serwaa        73%
  Maame        | Best: Adjoa         86% | Worst: Nana          58%
  Adjoa        | Best: Akua          87% | Worst: Serwaa        72%
  Ekua         | Best: Yaw           88% | Worst: Serwaa        57%
  Nana         | Best: Kojo          81% | Worst: Adwoa         56%
  Serwaa       | Best: Kojo          82% | Worst: Adwoa         56%
  Kojo         | Best: Dede          91% | Worst: Ekua          72%
  Akosua       | Best: Kwabena      100% | Worst: Serwaa        66%
  Kwabena      | Best: Akosua       100% | Worst: Serwaa        65%
  AmaPokuaa    | Best: Akua          94% | Worst: Serwaa        65%
  Dede         | Best: Kojo          91% | Worst: Maame         71%
  Mensah       | Best: AmaPokuaa     90% | Worst: Nana          74%

  CLUSTER ASSERTIONS:
  Γ£à Ama Γåö Kofi ΓëÑ 80% (near-ideal match)
  Γ£à Kwame Γåö Fiifi ΓëÑ 80% (night owl pair)
  Γ£à Abena Γåö Yaw ΓëÑ 80% (social pair)
  Γ£à Akosua Γåö Kwabena ΓëÑ 80% (particular pair gets bonus)
  Γ£à Maame Γåö Adjoa ΓëÑ 75% (both imposers ΓÇö they clash with others, not each other)
  Γ£à Nana Γåö Ama < 75% (messy+unapologetic vs clean communicator)
  Γ£à Maame Γåö Ama < 80% (imposer vs autonomy-respecter)
  Γ£à Kwame Γåö Abena ΓÇö night owl+private vs social butterfly scores lower

ΓòÉΓòÉΓòÉΓòÉΓòÉΓòÉΓòÉΓòÉΓòÉΓòÉΓòÉΓòÉΓòÉΓòÉΓòÉΓòÉΓòÉΓòÉΓòÉΓòÉΓòÉΓòÉΓòÉΓòÉΓòÉΓòÉΓòÉΓòÉΓòÉΓòÉΓòÉΓòÉΓòÉΓòÉΓòÉΓòÉΓòÉΓòÉΓòÉΓòÉΓòÉΓòÉΓòÉΓòÉΓòÉΓòÉΓòÉΓòÉΓòÉΓòÉΓòÉΓòÉΓòÉΓòÉΓòÉΓòÉΓòÉΓòÉΓòÉΓòÉΓòÉΓòÉΓòÉΓòÉΓòÉΓòÉΓòÉΓòÉ
  FINAL REPORT
ΓòÉΓòÉΓòÉΓòÉΓòÉΓòÉΓòÉΓòÉΓòÉΓòÉΓòÉΓòÉΓòÉΓòÉΓòÉΓòÉΓòÉΓòÉΓòÉΓòÉΓòÉΓòÉΓòÉΓòÉΓòÉΓòÉΓòÉΓòÉΓòÉΓòÉΓòÉΓòÉΓòÉΓòÉΓòÉΓòÉΓòÉΓòÉΓòÉΓòÉΓòÉΓòÉΓòÉΓòÉΓòÉΓòÉΓòÉΓòÉΓòÉΓòÉΓòÉΓòÉΓòÉΓòÉΓòÉΓòÉΓòÉΓòÉΓòÉΓòÉΓòÉΓòÉΓòÉΓòÉΓòÉΓòÉΓòÉΓòÉ

  Total targeted tests:   50+
  Total pair comparisons: 190 (from 20 personas)
  Γ£à PASSED: 47
  Γ¥î FAILED: 8

  Failed tests:
    ΓÇö Conflict mismatch scores LOWER than food mismatch
    ΓÇö Imposition mismatch scores LOWER than food mismatch
    ΓÇö Conflict score matches mathematical prediction (~88%)
    ΓÇö Food score matches mathematical prediction (~98%)
    ΓÇö Perfect match (AllA Γåö AllA) = 100%
    ΓÇö Perfect match (AllD Γåö AllD) = 100%
    ΓÇö One-step difference (AllA Γåö AllB): score > 70%
    ΓÇö 100% match = exceptional tier

  Pass rate: 85%

  ΓÜá∩╕Å  Fix failing tests before deployment.

