node_modules/react-router-dom/dist/index.d.ts(1,69): error TS2307: Cannot find module 'react-router/dom' or its corresponding type declarations.
  There are types at 'C:/Users/user/Desktop/Roomate link/node_modules/react-router/dist/development/dom-export.d.mts', but this result could not be resolved under your current 'moduleResolution' setting. Consider updating to 'node16', 'nodenext', or 'bundler'.
node_modules/react-router/dist/development/index.d.ts(8,8): error TS1259: Module '"C:/Users/user/Desktop/Roomate link/node_modules/@types/react/index"' can only be default-imported using the 'esModuleInterop' flag
node_modules/react-router/dist/development/routeModules-CA7kSxJJ.d.ts(413,5): error TS18028: Private identifiers are only available when targeting ECMAScript 2015 and higher.
node_modules/sonner/dist/index.d.ts(1,8): error TS1259: Module '"C:/Users/user/Desktop/Roomate link/node_modules/@types/react/index"' can only be default-imported using the 'esModuleInterop' flag
src/lib/supabase.ts(3,21): error TS1343: The 'import.meta' meta-property is only allowed when the '--module' option is 'es2020', 'es2022', 'esnext', 'system', 'node16', or 'nodenext'.
src/lib/supabase.ts(3,33): error TS2339: Property 'env' does not exist on type 'ImportMeta'.
src/lib/supabase.ts(4,25): error TS1343: The 'import.meta' meta-property is only allowed when the '--module' option is 'es2020', 'es2022', 'esnext', 'system', 'node16', or 'nodenext'.
src/lib/supabase.ts(4,37): error TS2339: Property 'env' does not exist on type 'ImportMeta'.
src/pages/DashboardPage.tsx(7,35): error TS6142: Module '../components/PaystackPaymentButton' was resolved to 'C:/Users/user/Desktop/Roomate link/src/components/PaystackPaymentButton.tsx', but '--jsx' is not set.
src/pages/DashboardPage.tsx(8,29): error TS6142: Module '../components/ui/ReportModal' was resolved to 'C:/Users/user/Desktop/Roomate link/src/components/ui/ReportModal.tsx', but '--jsx' is not set.
src/pages/DashboardPage.tsx(9,36): error TS6142: Module '../components/ui/FoundRoommateModal' was resolved to 'C:/Users/user/Desktop/Roomate link/src/components/ui/FoundRoommateModal.tsx', but '--jsx' is not set.
src/pages/DashboardPage.tsx(10,31): error TS6142: Module '../components/PullToRefresh' was resolved to 'C:/Users/user/Desktop/Roomate link/src/components/PullToRefresh.tsx', but '--jsx' is not set.
src/pages/DashboardPage.tsx(11,25): error TS6142: Module '../context/AuthContext' was resolved to 'C:/Users/user/Desktop/Roomate link/src/context/AuthContext.tsx', but '--jsx' is not set.
src/pages/DashboardPage.tsx(12,33): error TS6142: Module '../components/dashboard/DashboardHeader' was resolved to 'C:/Users/user/Desktop/Roomate link/src/components/dashboard/DashboardHeader.tsx', but '--jsx' is not set.
src/pages/DashboardPage.tsx(13,27): error TS6142: Module '../components/dashboard/MatchFeed' was resolved to 'C:/Users/user/Desktop/Roomate link/src/components/dashboard/MatchFeed.tsx', but '--jsx' is not set.
src/pages/DashboardPage.tsx(184,7): error TS17004: Cannot use JSX unless the '--jsx' flag is provided.
src/pages/DashboardPage.tsx(185,9): error TS17004: Cannot use JSX unless the '--jsx' flag is provided.
src/pages/DashboardPage.tsx(186,11): error TS17004: Cannot use JSX unless the '--jsx' flag is provided.
src/pages/DashboardPage.tsx(187,11): error TS17004: Cannot use JSX unless the '--jsx' flag is provided.
src/pages/DashboardPage.tsx(188,11): error TS17004: Cannot use JSX unless the '--jsx' flag is provided.
src/pages/DashboardPage.tsx(189,14): error TS17004: Cannot use JSX unless the '--jsx' flag is provided.
src/pages/DashboardPage.tsx(192,9): error TS17004: Cannot use JSX unless the '--jsx' flag is provided.
src/pages/DashboardPage.tsx(200,5): error TS17004: Cannot use JSX unless the '--jsx' flag is provided.
src/pages/DashboardPage.tsx(202,7): error TS17004: Cannot use JSX unless the '--jsx' flag is provided.
src/pages/DashboardPage.tsx(204,11): error TS17004: Cannot use JSX unless the '--jsx' flag is provided.
src/pages/DashboardPage.tsx(205,13): error TS17004: Cannot use JSX unless the '--jsx' flag is provided.
src/pages/DashboardPage.tsx(205,45): error TS17004: Cannot use JSX unless the '--jsx' flag is provided.
src/pages/DashboardPage.tsx(206,13): error TS17004: Cannot use JSX unless the '--jsx' flag is provided.
src/pages/DashboardPage.tsx(207,13): error TS17004: Cannot use JSX unless the '--jsx' flag is provided.
src/pages/DashboardPage.tsx(212,7): error TS17004: Cannot use JSX unless the '--jsx' flag is provided.
src/pages/DashboardPage.tsx(213,9): error TS17004: Cannot use JSX unless the '--jsx' flag is provided.
src/pages/DashboardPage.tsx(214,11): error TS17004: Cannot use JSX unless the '--jsx' flag is provided.
src/pages/DashboardPage.tsx(223,11): error TS17004: Cannot use JSX unless the '--jsx' flag is provided.
src/pages/DashboardPage.tsx(225,15): error TS17004: Cannot use JSX unless the '--jsx' flag is provided.
src/pages/DashboardPage.tsx(226,17): error TS17004: Cannot use JSX unless the '--jsx' flag is provided.
src/pages/DashboardPage.tsx(226,110): error TS17004: Cannot use JSX unless the '--jsx' flag is provided.
src/pages/DashboardPage.tsx(227,17): error TS17004: Cannot use JSX unless the '--jsx' flag is provided.
src/pages/DashboardPage.tsx(228,17): error TS17004: Cannot use JSX unless the '--jsx' flag is provided.
src/pages/DashboardPage.tsx(231,15): error TS17004: Cannot use JSX unless the '--jsx' flag is provided.
src/pages/DashboardPage.tsx(232,17): error TS17004: Cannot use JSX unless the '--jsx' flag is provided.
src/pages/DashboardPage.tsx(232,111): error TS17004: Cannot use JSX unless the '--jsx' flag is provided.
src/pages/DashboardPage.tsx(233,17): error TS17004: Cannot use JSX unless the '--jsx' flag is provided.
src/pages/DashboardPage.tsx(234,17): error TS17004: Cannot use JSX unless the '--jsx' flag is provided.
src/pages/DashboardPage.tsx(237,15): error TS17004: Cannot use JSX unless the '--jsx' flag is provided.
src/pages/DashboardPage.tsx(250,7): error TS17004: Cannot use JSX unless the '--jsx' flag is provided.
src/pages/DashboardPage.tsx(252,11): error TS17004: Cannot use JSX unless the '--jsx' flag is provided.
src/pages/DashboardPage.tsx(253,13): error TS17004: Cannot use JSX unless the '--jsx' flag is provided.
src/pages/DashboardPage.tsx(254,13): error TS17004: Cannot use JSX unless the '--jsx' flag is provided.
src/pages/DashboardPage.tsx(255,15): error TS17004: Cannot use JSX unless the '--jsx' flag is provided.
src/pages/DashboardPage.tsx(256,17): error TS17004: Cannot use JSX unless the '--jsx' flag is provided.
src/pages/DashboardPage.tsx(257,17): error TS17004: Cannot use JSX unless the '--jsx' flag is provided.
src/pages/DashboardPage.tsx(258,17): error TS17004: Cannot use JSX unless the '--jsx' flag is provided.
src/pages/DashboardPage.tsx(259,19): error TS17004: Cannot use JSX unless the '--jsx' flag is provided.
src/pages/DashboardPage.tsx(260,21): error TS17004: Cannot use JSX unless the '--jsx' flag is provided.
src/pages/DashboardPage.tsx(261,21): error TS17004: Cannot use JSX unless the '--jsx' flag is provided.
src/pages/DashboardPage.tsx(265,15): error TS17004: Cannot use JSX unless the '--jsx' flag is provided.
src/pages/DashboardPage.tsx(266,17): error TS17004: Cannot use JSX unless the '--jsx' flag is provided.
src/pages/DashboardPage.tsx(266,236): error TS17004: Cannot use JSX unless the '--jsx' flag is provided.
src/pages/DashboardPage.tsx(267,17): error TS17004: Cannot use JSX unless the '--jsx' flag is provided.
src/pages/DashboardPage.tsx(268,17): error TS17004: Cannot use JSX unless the '--jsx' flag is provided.
src/pages/DashboardPage.tsx(270,17): error TS17004: Cannot use JSX unless the '--jsx' flag is provided.
src/pages/DashboardPage.tsx(271,19): error TS17004: Cannot use JSX unless the '--jsx' flag is provided.
src/pages/DashboardPage.tsx(272,21): error TS17004: Cannot use JSX unless the '--jsx' flag is provided.
src/pages/DashboardPage.tsx(273,21): error TS17004: Cannot use JSX unless the '--jsx' flag is provided.
src/pages/DashboardPage.tsx(275,19): error TS17004: Cannot use JSX unless the '--jsx' flag is provided.
src/pages/DashboardPage.tsx(276,21): error TS17004: Cannot use JSX unless the '--jsx' flag is provided.
src/pages/DashboardPage.tsx(277,21): error TS17004: Cannot use JSX unless the '--jsx' flag is provided.
src/pages/DashboardPage.tsx(281,17): error TS17004: Cannot use JSX unless the '--jsx' flag is provided.
src/pages/DashboardPage.tsx(282,19): error TS17004: Cannot use JSX unless the '--jsx' flag is provided.
src/pages/DashboardPage.tsx(282,128): error TS17004: Cannot use JSX unless the '--jsx' flag is provided.
src/pages/DashboardPage.tsx(283,19): error TS17004: Cannot use JSX unless the '--jsx' flag is provided.
src/pages/DashboardPage.tsx(285,23): error TS17004: Cannot use JSX unless the '--jsx' flag is provided.
src/pages/DashboardPage.tsx(286,25): error TS17004: Cannot use JSX unless the '--jsx' flag is provided.
src/pages/DashboardPage.tsx(287,27): error TS17004: Cannot use JSX unless the '--jsx' flag is provided.
src/pages/DashboardPage.tsx(288,27): error TS17004: Cannot use JSX unless the '--jsx' flag is provided.
src/pages/DashboardPage.tsx(290,25): error TS17004: Cannot use JSX unless the '--jsx' flag is provided.
src/pages/DashboardPage.tsx(291,27): error TS17004: Cannot use JSX unless the '--jsx' flag is provided.
src/pages/DashboardPage.tsx(293,25): error TS17004: Cannot use JSX unless the '--jsx' flag is provided.
src/pages/DashboardPage.tsx(299,17): error TS17004: Cannot use JSX unless the '--jsx' flag is provided.
src/pages/DashboardPage.tsx(300,19): error TS17004: Cannot use JSX unless the '--jsx' flag is provided.
src/pages/DashboardPage.tsx(301,19): error TS17004: Cannot use JSX unless the '--jsx' flag is provided.
src/pages/DashboardPage.tsx(303,23): error TS17004: Cannot use JSX unless the '--jsx' flag is provided.
src/pages/DashboardPage.tsx(308,17): error TS17004: Cannot use JSX unless the '--jsx' flag is provided.
src/pages/DashboardPage.tsx(309,30): error TS17004: Cannot use JSX unless the '--jsx' flag is provided.
src/pages/DashboardPage.tsx(309,70): error TS17004: Cannot use JSX unless the '--jsx' flag is provided.
src/pages/DashboardPage.tsx(318,7): error TS17004: Cannot use JSX unless the '--jsx' flag is provided.
src/pages/DashboardPage.tsx(319,28): error TS17004: Cannot use JSX unless the '--jsx' flag is provided.
src/pages/DashboardPage.tsx(322,9): error TS17004: Cannot use JSX unless the '--jsx' flag is provided.
src/pages/DashboardPage.tsx(322,86): error TS17004: Cannot use JSX unless the '--jsx' flag is provided.
src/pages/DashboardPage.tsx(322,201): error TS17004: Cannot use JSX unless the '--jsx' flag is provided.
src/pages/DashboardPage.tsx(322,320): error TS17004: Cannot use JSX unless the '--jsx' flag is provided.
src/pages/DashboardPage.tsx(322,379): error TS17004: Cannot use JSX unless the '--jsx' flag is provided.
src/pages/DashboardPage.tsx(322,439): error TS17004: Cannot use JSX unless the '--jsx' flag is provided.
src/pages/DashboardPage.tsx(322,546): error TS17004: Cannot use JSX unless the '--jsx' flag is provided.
src/pages/DashboardPage.tsx(326,9): error TS17004: Cannot use JSX unless the '--jsx' flag is provided.
src/pages/DashboardPage.tsx(327,11): error TS17004: Cannot use JSX unless the '--jsx' flag is provided.
src/pages/DashboardPage.tsx(328,13): error TS17004: Cannot use JSX unless the '--jsx' flag is provided.
src/pages/DashboardPage.tsx(329,15): error TS17004: Cannot use JSX unless the '--jsx' flag is provided.
src/pages/DashboardPage.tsx(329,126): error TS17004: Cannot use JSX unless the '--jsx' flag is provided.
src/pages/DashboardPage.tsx(330,15): error TS17004: Cannot use JSX unless the '--jsx' flag is provided.
src/pages/DashboardPage.tsx(330,42): error TS17004: Cannot use JSX unless the '--jsx' flag is provided.
src/pages/DashboardPage.tsx(330,133): error TS17004: Cannot use JSX unless the '--jsx' flag is provided.
src/pages/DashboardPage.tsx(332,13): error TS17004: Cannot use JSX unless the '--jsx' flag is provided.
src/pages/DashboardPage.tsx(332,114): error TS17004: Cannot use JSX unless the '--jsx' flag is provided.
